2026-09-10 21:08:43.011 | SUCCESS  | src.app_cli:run:30 - [AI]: Tentu! Mari kita lakukan latihan *listening* berikutnya dengan tema **AI Engineering Seminar**. 🎧

Silakan putar dan dengarkan baik-baik file audio yang telah dilampirkan pada sesi ini, lalu jawablah pertanyaan pemahaman di bawah ini berdasarkan apa yang kamu dengar:

### **Listening Comprehension Questions**

1. **What is the speaker's main advice for aspiring AI Engineers attending the seminar?**
2. **What specific AI model or technology did the speaker mention as a breakthrough?**
3. **Based on the audio, how should AI Engineers address ethical concerns in their projects?**
4. **What is the next step or action recommended by the speaker at the end of the seminar?**

---

**Cara Menjawab:**
* Dengarkan audionya secara keseluruhan terlebih dahulu untuk mendapatkan gambaran umum (*general idea*).
* Putar kembali untuk kedua kalinya sambil mencatat poin-poin penting yang menjawab pertanyaan di atas.
* Tulis jawabanmu (bisa dalam Bahasa Inggris atau Bahasa Indonesia), dan saya akan membantu memeriksa serta memberikan koreksi atau masukan!

*Semangat belajar! I'm looking forward to your answers.* 😊
2026-09-10 21:08:43.011 | INFO     | src.app_cli:run:31 - [AI]: Tentu! Mari kita lakukan latihan *listening* berikutnya dengan tema **AI Engineering Seminar**. 🎧

Silakan putar dan dengarkan baik-baik file audio yang telah dilampirkan pada sesi ini, lalu jawablah pertanyaan pemahaman di bawah ini berdasarkan apa yang kamu dengar:

### **Listening Comprehension Questions**

1. **What is the speaker's main advice for aspiring AI Engineers attending the seminar?**
2. **What specific AI model or technology did the speaker mention as a breakthrough?**
3. **Based on the audio, how should AI Engineers address ethical concerns in their projects?**
4. **What is the next step or action recommended by the speaker at the end of the seminar?**

---

**Cara Menjawab:**
* Dengarkan audionya secara keseluruhan terlebih dahulu untuk mendapatkan gambaran umum (*general idea*).
* Putar kembali untuk kedua kalinya sambil mencatat poin-poin penting yang menjawab pertanyaan di atas.
* Tulis jawabanmu (bisa dalam Bahasa Inggris atau Bahasa Indonesia), dan saya akan membantu memeriksa serta memberikan koreksi atau masukan!

*Semangat belajar! I'm looking forward to your answers.* 😊
